c2	1	C	5	^!.^!.^!.^!.^!.	~~~~~
c2	2	C	5	..+3GGG.+1G.-5AATAA.-1A	~~~~~
c2	3	A	5	...**-3ATA	~~~~~
c2	4	A	5	...**	~~~~~
c2	5	T	5	...**	~~~~~
c2	6	A	5	...**-1A	~~~~~
c2	7	A	5	..+3GGG.+1G**	~~~~~
c2	8	N	5	CCCCC	~~~~~
c2	9	N	5	C$C$C$C$C$	~~~~~
