17	478	T	1	^].	B
17	479	A	1	.	C
17	480	G	1	.	G
17	481	G	1	.	>
17	482	A	1	.	E
17	483	G	1	.	G
17	484	A	1	.	9
17	485	G	1	.	G
17	486	A	1	.	G
17	487	G	1	.	I
17	488	A	1	.	C
17	489	A	1	.	C
17	490	A	1	.	@
17	491	T	1	.	;
17	492	G	1	.	H
17	493	A	1	.	H
17	494	A	1	.	I
17	495	G	1	.	L
17	496	A	1	.	I
17	497	C	1	.	H
17	498	A	1	.	I
17	499	T	1	.	I
17	500	A	1	.	C
17	501	T	1	.	F
17	502	G	1	.	E
17	503	T	1	.	K
17	504	C	1	.	J
17	505	C	1	.	<
17	506	A	1	.	9
17	507	C	1	.	J
17	508	A	1	.	I
17	509	C	1	.	9
17	510	A	1	.	I
17	511	A	1	.	<
17	512	A	1	.	3
17	513	A	1	.	J
17	514	A	1	.	7
17	515	C	1	.	I
17	516	C	1	.	=
17	517	T	1	.	E
17	518	G	1	.	K
17	519	T	1	.	B
17	520	T	1	.	D
17	521	C	1	.	F
17	522	A	1	.	?
17	523	T	1	.	A
17	524	T	1	.	2
17	525	G	1	.	F
17	526	C	1	.	H
17	527	A	1	.	I
17	528	G	1	.	l
17	529	C	1	.	T
17	530	T	1	.	h
17	531	T	1	.	c
17	532	T	1	.	j
17	533	C	1	.	p
17	534	T	1	.	b
17	535	A	1	.	b
17	536	C	1	.	l
17	537	C	1	.	Z
17	538	A	1	.	e
17	539	T	1	.	j
17	540	C	1	.	e
17	541	A	1	.	c
17	542	C	1	.	n
17	543	C	1	.	q
17	544	A	1	.	r
17	545	A	1	.	n
17	546	A	1	.	o
17	547	A	1	.	q
17	548	A	1	.	r
17	549	T	1	.	n
17	550	T	1	.	]
17	551	G	1	.	]
17	552	C	1	.	W
17	553	A	1	.	r
17	554	A	1	.	l
17	555	A	1	.	J
17	556	C	1	.	c
17	557	A	1	.	n
17	558	A	1	.	g
17	559	C	1	.	a
17	560	C	1	.	q
17	561	A	1	.	T
17	562	C	1	.	[
17	563	A	1	.	q
17	564	C	1	.	F
17	565	G	1	.	f
17	566	C	1	.	`
17	567	C	1	.	L
17	568	C	1	.	t
17	569	T	1	.	V
17	570	T	1	.	h
17	571	C	1	.	e
17	572	A	1	.	d
17	573	A	1	.	V
17	574	C	1	.	J
17	575	T	1	.	\
17	576	G	1	.	f
17	577	G	1	.$	h
17	578	G	1	,	K
17	579	G	1	,	2
17	580	A	1	,	B
17	581	A	1	,	F
17	582	C	1	,	F
17	583	T	1	,	J
17	584	C	1	,	J
17	585	A	1	,	<
17	586	T	1	,	F
17	587	C	1	,	2
17	588	A	1	,	C
17	589	A	1	,	H
17	590	C	1	,	F
17	591	A	1	,	I
17	592	A	1	,	G
17	593	C	1	,	J
17	594	A	1	,	J
17	595	A	1	,	C
17	596	A	1	,	G
17	597	C	1	,	J
17	598	T	1	,	J
17	599	T	1	,	F
17	600	G	1	,	;
17	601	T	1	,	8
17	602	G	1	,	3
17	603	G	1	,	H
17	604	T	1	,	C
17	605	T	1	,	/
17	606	T	1	,	K
17	607	A	1	,	E
17	608	C	1	,	?
17	609	C	1	,	I
17	610	C	1	,	I
17	611	A	1	,	9
17	612	C	1	,	I
17	613	A	1	,	H
17	614	C	1	,	0
17	615	A	1	,	>
17	616	A	1	,	D
17	617	T	0		
17	618	G	1	,	J
17	619	G	1	,	5
17	620	A	1	,	E
17	621	A	1	,	@
17	622	G	1	,	F
17	623	A	1	,	6
17	624	C	1	,	9
17	625	C	1	,	7
17	626	A	1	,	?
17	627	C	1	,$	@
