17	4000	N	15	ccCcccCCCCCcCcC	DK5LJCIEICJAJLH
17	4001	N	15	ttTtttTTTTTtTtT	EE:GGHIHLBJIKDJ
17	4002	N	15	ggGgggGGGGGgGgG	CG3JJJHGFJIDKHG
17	4003	N	15	a$aAaaaAAAAAaAaA	@D7IGHCDIAJCI7I
17	4004	N	14	tTtttTTTTTtTtT	B2HCAIEHHHAI?F
17	4005	N	12	aaaaAAAAAaAA	CHFGEEJEH@HG
17	4006	N	14	tTtttTTTTTtTtT	C9FHGFGH>HJIKF
17	4007	N	14	tTtttTTTTTtTgT	B2HFFEFG6EJH0G
17	4008	N	14	c$CcccCCCCCcCcC	?:HC;D6KJI?K/I
17	4009	N	13	CcccCCCCCcCcC	5IHI>AEGJLKLJ
17	4010	N	13	AaaaAAAAAaAaA	>EEDHFI?IIIHJ
