17	547	.	A	AGCATCCTGCG	0	.	INDEL;I16=2,0,1,2,404,81608,538,130834,120,7200,180,10800,38,722,63,1347;QS=0.833333,1.16667	PL	29,0,10	13,0,13
