c1	1	A	12	^!.^!.^!.^!.^!.^!.^!.^!.^!.^!.^!.^!*	~~~~~~~~~~~~
c1	2	A	12	..........-3CCG.*	~~~~~~~~~~~~
c1	3	C	12	.........*.*	~~~~~~~~~~~~
c1	4	C	12	.........-1G*.-2GC*	~~~~~~~~~~~~
c1	5	G	13	.....+6GTTAAC.+4TTAA.+3GTT.+3AAC*+2AG*+6TTAACT**+2AN^!.+2TA$	~~~~~~~~~~~~~
c1	6	C	12	........****	~~~~~~~~~~~!
c1	7	G	12	.........*.*	~~~~~~~~~~~!
c1	8	G	12	.........*.*	~~~~~~~~~~~!
c1	9	T	12	...........*	~~~~~~~~~~~!
c1	10	T	12	.$.$.$.$.$.$.$.$.$.$.$*$	~~~~~~~~~~~!
