xx	4	A	1	^"n	!
xx	5	A	1	n	!
xx	6	A	1	n	!
xx	7	A	1	n	!
xx	8	A	1	n	!
xx	9	A	1	n	!
xx	10	A	1	n	!
xx	11	T	1	n	!
xx	12	T	1	n	!
xx	13	T	1	n$	!
