xx	4	0
xx	5	0
xx	6	1
xx	7	1
xx	8	1
xx	9	0
xx	10	0
