xx	1	1
xx	2	1
xx	3	1
xx	4	1
xx	5	2
xx	6	2
xx	7	2
xx	8	2
xx	9	2
xx	10	2
xx	11	2
xx	12	2
xx	13	2
xx	14	2
xx	15	1
xx	16	1
xx	17	1
xx	18	1
xx	19	1
xx	20	1
