xx	1	N	0	*	*
xx	2	N	0	*	*
xx	3	N	0	*	*
xx	4	N	0	*	*
xx	5	N	0	*	*
xx	6	N	1	^"n	!
xx	7	N	1	n	!
xx	8	N	1	n$	!
xx	9	N	0	*	*
xx	10	N	0	*	*
xx	11	N	0	*	*
xx	12	N	0	*	*
xx	13	N	0	*	*
xx	14	N	0	*	*
xx	15	N	0	*	*
xx	16	N	0	*	*
xx	17	N	0	*	*
xx	18	N	0	*	*
xx	19	N	0	*	*
xx	20	N	0	*	*
xn	1	N	0	*	*
xn	2	N	0	*	*
xn	3	N	0	*	*
xn	4	N	0	*	*
xn	5	N	0	*	*
xn	6	N	0	*	*
xn	7	N	0	*	*
xn	8	N	0	*	*
xn	9	N	0	*	*
xn	10	N	0	*	*
xn	11	N	0	*	*
xn	12	N	0	*	*
xn	13	N	1	^"n	!
xn	14	N	1	n	!
xn	15	N	1	n$	!
xn	16	N	0	*	*
xn	17	N	0	*	*
xn	18	N	0	*	*
xn	19	N	0	*	*
xn	20	N	0	*	*
