I	1	N	2	^!A^!a	DD
I	2	N	2	Gg	FF
I	3	N	2	Cc	??
I	4	N	3	Tt^!T	GGG
I	5	N	3	CcC	CCC
I	6	N	3	TtT	HHH
I	7	N	3	C[+m128]c[-m128]C[+m128]	888
I	8	N	3	CcC	888
I	9	N	3	AaA	...
I	10	N	3	GgG	EEE
I	11	N	4	AaA^!A	GGGG
I	12	N	4	GgGG	8888
I	13	N	4	TtTT	....
I	14	N	4	CcCC	7777
I	15	N	4	GgGG	@@X@
I	16	N	4	N[+n215]n[-n215]N[+n215]N[+n215]	EEXE
I	17	N	4	AaAA	99X9
I	18	N	4	C[+m153]c[-m153]C[+m153]C[+m153+h0]	GG@G
I	19	N	4	G[+n240]g[-n240]G[+n240]G[+n240]	88E8
I	20	N	4	C[+h159]c[-h159]C[+h159]C[+m0+h159]	AA9A
I	21	N	4	C[+m179]c[-m179]C[+m179]C[+m179+h0]	??G?
I	22	N	4	AaAA	HH8H
I	23	N	4	TtTT	99A9
I	24	N	4	YyY+3AGAY	..?.
I	25	N	4	CcCC	::::
I	26	N	4	GgGG	CCCC
I	27	N	4	CcCC	????
I	28	N	4	GgGG	8888
I	29	N	4	CcCC	,,,,
I	30	N	4	GgGG$	@@@@
I	31	N	3	CcC	,,,
I	32	N	3	C[+m204]c[-m204]C[+m204]	,,,
I	33	N	3	AaA	999
I	34	N	3	CcC	FFF
I	35	N	3	C[+m230+h6]c[-m230-h6]G[+o199]$	@@@
I	36	N	2	A$a$	AA
