a	1	A	0	*	*
a	2	A	0	*	*
a	3	A	1	^].	X
a	4	A	1	.	X
a	5	A	1	N	X
a	6	A	1	.	X
a	7	A	1	.$	X
a	8	A	0	*	*
a	9	A	0	*	*
a	10	A	0	*	*
c	1	C	0	*	*
c	2	C	0	*	*
c	3	C	0	*	*
c	4	C	0	*	*
c	5	C	0	*	*
c	6	C	0	*	*
c	7	C	0	*	*
c	8	C	0	*	*
c	9	C	0	*	*
c	10	C	0	*	*
g	1	G	0	*	*
g	2	G	0	*	*
g	3	G	2	^].^].	XX
g	4	G	2	..	XX
g	5	G	2	NN	XX
g	6	G	2	..	XX
g	7	G	2	.$.$	XX
g	8	G	0	*	*
g	9	G	0	*	*
g	10	G	0	*	*
t	1	T	1	^].$	X
t	2	T	0	*	*
t	3	T	0	*	*
t	4	T	0	*	*
t	5	T	0	*	*
t	6	T	0	*	*
t	7	T	0	*	*
t	8	T	0	*	*
t	9	T	0	*	*
t	10	T	0	*	*
n	1	N	0	*	*
n	2	N	0	*	*
n	3	N	0	*	*
n	4	N	0	*	*
n	5	N	0	*	*
