@HD	VN:1.4	SO:coordinate
@SQ	SN:ref1	LN:45
@SQ	SN:ref2	LN:40
@RG	ID:1#8	CN:Sanger	DS:Testing the editing code.
r001	163	ref1	7	30	8M4I4M1D3M	=	37	39	TTAGATAAAGAGGATACTG	*	XX:B:S,12561,2,20,112	YY:i:100	RG:Z:1#8
r005	163	ref1	7	30	8M4I4M1D3M	=	37	39	TTAGATAAAGAGGATACTG	*	XX:B:S,12561,2,20,112	YY:i:100	RG:Z:1#8
r002	0	ref1	9	30	1S2I6M1P1I1P1I4M2I	*	0	0	AAAAGATAAGGGATAAA	*	XA:Z:abc	XB:i:-10	RG:Z:1#8
r006	0	ref1	9	30	1S2I6M1P1I1P1I4M2I	*	0	0	AAAAGATAAGGGATAAA	*	XA:Z:abc	XB:i:-10	RG:Z:1#8
r003	0	ref1	9	30	5H6M	*	0	0	AGCTAA	*	RG:Z:1#8
r007	0	ref1	9	30	5H6M	*	0	0	AGCTAA	*	RG:Z:1#8
r004	0	ref1	16	30	6M14N1I5M	*	0	0	ATAGCTCTCAGC	*	RG:Z:1#8
r007	0	ref1	16	30	6M14N1I5M	*	0	0	ATAGCTCTCAGC	*	RG:Z:1#8
r003	16	ref1	29	30	6H5M	*	0	0	TAGGC	*	RG:Z:1#8
r006	16	ref1	29	30	6H5M	*	0	0	TAGGC	*	RG:Z:1#8
r001	83	ref1	37	30	9M	=	7	-39	CAGCGCCAT	*	RG:Z:1#8
r005	83	ref1	37	30	9M	=	7	-39	CAGCGCCAT	*	RG:Z:1#8
x1	0	ref2	1	30	20M	*	0	0	AGGTTTTATAAAACAAATAA	*	RG:Z:1#8
x7	0	ref2	1	30	20M	*	0	0	AGGTTTTATAAAACAAATAA	*	RG:Z:1#8
x2	0	ref2	2	30	21M	*	0	0	GGTTTTATAAAACAAATAATT	?????????????????????	RG:Z:1#8
x8	0	ref2	2	30	21M	*	0	0	GGTTTTATAAAACAAATAATT	?????????????????????	RG:Z:1#8
x3	0	ref2	6	30	9M4I13M	*	0	0	TTATAAAACAAATAATTAAGTCTACA	??????????????????????????	RG:Z:1#8
x9	0	ref2	6	30	9M4I13M	*	0	0	TTATAAAACAAATAATTAAGTCTACA	??????????????????????????	RG:Z:1#8
x4	0	ref2	10	30	25M	*	0	0	CAAATAATTAAGTCTACAGAGCAAC	?????????????????????????	RG:Z:1#8
x10	0	ref2	10	30	25M	*	0	0	CAAATAATTAAGTCTACAGAGCAAC	?????????????????????????	RG:Z:1#8
x5	0	ref2	12	30	24M	*	0	0	AATAATTAAGTCTACAGAGCAACT	????????????????????????	RG:Z:1#8
x11	0	ref2	12	30	24M	*	0	0	AATAATTAAGTCTACAGAGCAACT	????????????????????????	RG:Z:1#8
x6	0	ref2	14	30	23M	*	0	0	TAATTAAGTCTACAGAGCAACTA	???????????????????????	RG:Z:1#8
x12	0	ref2	14	30	23M	*	0	0	TAATTAAGTCTACAGAGCAACTA	???????????????????????	RG:Z:1#8
u1	4	*	0	30	23M	*	0	0	TAATTAAGTCTACAGAGCAACTA	???????????????????????	RG:Z:1#8
