@ref1_grp1_p001
CGAGCTCGGT
+
!!!!!!!!!!
@ref1_grp1_p002
CTCGGTACCC
+
##########
@ref1_grp1_p003
GTACCCGGGG
+
%%%%%%%%%%
@ref1_grp1_p004
CCGGGGATCC
+
''''''''''
@ref1_grp1_p005
GGATCCTCTA
+
))))))))))
@ref1_grp1_p006
CCTCTAGAGT
+
++++++++++
@ref1_grp2_p001
AGCTCGGTAC
+
""""""""""
@ref1_grp2_p002
CGGTACCCGG
+
$$$$$$$$$$
@ref1_grp2_p003
ACCCGGGGAT
+
&&&&&&&&&&
@ref1_grp2_p004
GGGGATCCTC
+
((((((((((
@ref1_grp2_p005
ATCCTCTAGA
+
**********
@ref1_grp2_p006
TCTAGAGTCG
+
1111111111
@ref2_grp3_p001
GTGACACTATAGAAT
+
~~~~~~~~~~~~~~~
@ref2_grp3_p002
CTGTTTCCTGTGTGA
+
{{{{{{{{{{{{{{{
@ref2_grp3_p003
ACGTMRWSYKVHDBN
+
0123456789abcd!
@ref12_grp1_p001
TGCAGGCATG
+
AAAAAAAAAA
@ref12_grp2_p001
CAAGCTTGAG
+
AAAAAAAAAA
