@ref1_grp1_p001 1:N:0:ACGT
GT
+
""
@ref1_grp1_p002 1:N:0:AATTCCGG
TT
+
""
@ref1_grp2_p001 1:N:0:TGCA
CA
+
cd
