#rname	startpos	endpos	numreads	covbases	coverage	meandepth	meanbaseq	meanmapq
T1	1	40	6	10	25	0.5	7.5	36.7
T2	1	40	6	6	15	0.35	7.43	49
