#rname	startpos	endpos	numreads	covbases	coverage	meandepth	meanbaseq	meanmapq
T2	1	40	6	1	2.5	0.05	8	49
T1	1	40	0	0	0	0	0	0
