@c1
NNNNACGTAATGCANNNNNN
+
!!!!~~~~~~~~~~!!!!!!
@c2
NNACGNNNNCGTNNN
+
!!~~~!!!!~~~!!!
