@c1
NNNNACG
TAATGCA
NNNNNN
+
!!!!~~~
~~~~~~~
!!!!!!
@c2
NNACGNN
NNCGTNN
N
+
!!~~~!!
!!~~~!!
!
