@c2
CCAACG*AACC
+
(((&#&(&(((
@c3
GAAAAAAAAGNNNNNNTCCCCACCCT
+
##########!!!!!!##########
