@c2
NNCCAACG*AACCNN
+
!!(((&#&(&(((!!
@c3
NNNGAAAAAAAAGNNNNNNTCCCCACCCTNN
+
!!!##########!!!!!!##########!!
