@c1
NNNNNNNNNN
+
!!!!!!!!!!
@c2
NNCCAACG*AACCNN
+
!!(((&#&(&(((!!
@c3
NNNGAAAAAAAAGNNNNNNTCCCCACCCTNN
+
!!!##########!!!!!!##########!!
@c4
NNNNNNNNNN
+
!!!!!!!!!!
