@c1
GAAAAAAAAG
+
5555555555
@c2
GTCCAACG*AACCTG
+
55(((&#&(&(((55
@c3
ATTGAAAAAAAAGTTAGGGTCCCCACCCTGA
+
555##########555555##########55
@c4
TCCCCCCCCT
+
5555555555
