c1	1	0	0	N	0	*	*
c1	2	0	0	N	0	*	*
c1	3	0	0	N	0	*	*
c1	4	0	0	N	0	*	*
c1	5	0	0	N	0	*	*
c1	6	0	0	N	0	*	*
c1	7	0	0	N	0	*	*
c1	8	0	0	N	0	*	*
c1	9	0	0	N	0	*	*
c1	10	0	0	N	0	*	*
c2	1	0	0	N	0	*	*
c2	2	0	0	N	0	*	*
c2	3	0	5	C	7	CCCCC	IIIII
c2	4	0	5	C	7	CCCCC	IIIII
c2	5	0	5	A	7	AAAAA	IIIII
c2	6	0	5	A	5	AAAAA	IIII&
c2	7	0	5	C	2	GGGC*	&&&I&
c2	8	0	5	G	5	GGGG*	IIII&
c2	9	0	5	*	7	*****	IIII&
c2	10	0	5	A	5	AAAAA	IIII&
c2	11	0	5	A	7	AAAAA	IIIII
c2	12	0	5	C	7	CCCCC	IIIII
c2	13	0	5	C	7	CCCCC	IIIII
c2	14	0	0	N	0	*	*
c2	15	0	0	N	0	*	*
c3	1	0	0	N	0	*	*
c3	2	0	0	N	0	*	*
c3	3	0	0	N	0	*	*
c3	4	0	1	G	2	G	A
c3	5	0	1	A	2	A	A
c3	6	0	1	A	2	A	A
c3	7	0	1	A	2	A	A
c3	8	0	1	A	2	A	A
c3	9	0	1	A	2	A	Z
c3	10	0	1	A	2	A	Z
c3	11	0	1	A	2	A	Z
c3	12	0	1	A	2	A	Z
c3	13	0	1	G	2	G	Z
c3	14	0	0	N	0	*	*
c3	15	0	0	N	0	*	*
c3	16	0	0	N	0	*	*
c3	17	0	0	N	0	*	*
c3	18	0	0	N	0	*	*
c3	19	0	0	N	0	*	*
c3	20	0	1	T	2	T	A
c3	21	0	1	C	2	C	A
c3	22	0	1	C	2	C	A
c3	23	0	1	C	2	C	A
c3	24	0	1	C	2	C	A
c3	25	0	1	A	2	A	Z
c3	26	0	1	C	2	C	Z
c3	27	0	1	C	2	C	Z
c3	28	0	1	C	2	C	Z
c3	29	0	1	T	2	T	Z
c3	30	0	0	N	0	*	*
c3	31	0	0	N	0	*	*
c4	1	0	0	N	0	*	*
c4	2	0	0	N	0	*	*
c4	3	0	0	N	0	*	*
c4	4	0	0	N	0	*	*
c4	5	0	0	N	0	*	*
c4	6	0	0	N	0	*	*
c4	7	0	0	N	0	*	*
c4	8	0	0	N	0	*	*
c4	9	0	0	N	0	*	*
c4	10	0	0	N	0	*	*
