c2	1	0	5	C	100	CCCCC	IIIII
c2	2	0	5	C	100	CCCCC	IIIII
c2	2	1	5	t	100	**TTT	IIIII
c2	2	2	5	t	100	**TTT	IIIII
c2	2	3	5	t	100	**TTT	IIIII
c2	3	0	5	A	100	AAAAA	IIIII
c2	4	0	5	A	100	AAAAA	IIII&
c2	5	0	5	S	80	GGGC*	&&&I&
c2	6	0	5	G	80	GGGG*	IIII&
c2	8	0	5	A	100	AAAAA	IIII&
c2	9	0	5	A	100	AAAAA	IIIII
c2	9	1	5	t	100	**TTT	IIIII
c2	9	2	5	t	100	**TTT	IIIII
c2	9	3	5	t	100	**TTT	IIIII
c2	10	0	5	C	100	CCCCC	IIIII
c2	11	0	5	C	100	CCCCC	IIIII
