>17
AAGCTTCTCACCCTGTTCCTGCATAGATAATTGCATGACAATTGCCTTGTCCCTGCTGAA
TGTGCTCTGGGGTCTCTGGGGTCTCACCCACGACCAACTCCCTGGGCCTGGCACCAGGGA
GCTTAACAAACATCTGTCCAGCGAATACCTGCATCCCTAGAAGTGAAGCCACCGCCCAAA
GACACGCCCATGTCCAGCTTAACCTGCATCCCTAGAAGTGAAGGCACCGCCCAAAGACAC
GCCCATGTCCAGCTTATTCTGCCCAGTTCCTCTCCAGAAAGGCTGCATGGTTGACACACA
GTGCCTGCGACAAAGCTGAATGCTATCATTTAAAAACTCCTTGCTGGTTTGAGAGGCAGA
AAATGATATCTCATAGTTGCTTTACTTTGCATATTTTAAAATTGTGACTTTCATGGCATA
AATAATACTGGTTTATTACAGAAGCACTAGAAAATGCATGTGGACAAAAGTTGGGATTAG
GAGAGAGAAATGAAGACATATGTCCACACAAAAACCTGTTCATTGCAGCTTTCTACCATC
ACCAAAAATTGCAAACAACCACACGCCCTTCAACTGGGGAACTCATCAACAACAAACTTG
TGGTTTACCCACACAATGGAAGACCACTTAGCAACAAAAAGGACCAAACTCCTGGTACAT
GCAACTGACAGATGAATCTCAAACGCATTCCTCCGTGTGAAAGAAGCCGGACTCACAGGG
CAACACACTATCTGACTGTTTCATGGGAAAGTCTGGAAACGGCAACACCATTGAGACAGA
AAACAGGTGAGTGGTTGCCTGGGGCCAGGGAACTTTCTGGGGTCATATTCTCTGTGTTGA
TTCTGGTGGTGGAAACAAGACTGTCCCAGCCTGGGTGATACAGCGAGACCCCATCTCTAC
CAAAAAATTAAAAATTAGCTGGGCATGGTGGTGCATGCCTGTAGTCCCAGCTATTCACAG
TGCTGAGGTGGGAAGATGCTTGAGCCCAGGAGTTCAAGGCTGCAATGAGCTATGATTGCG
CCACTGCACTTTGGCCTGGACAACAGAGCAAAACCCTGTCTCTAAAAAAAGAAAAGAAAA
GAAAAACTCACTGGATATGAATGATACAGGTTGAGGATCCATTATCTGAAATGCTTGGAC
CAGATGTTTTGAATTTTGGATTTTTTCATATTTTGTAATCTTTGCAGTATATTTACCAGT
TCAGCATCCCTAACTCAAAAATTCAAAAATCTGAAATCCCAAACGCGCCAATAAGCATTC
CCTTTGAGCGTCATGTCGGTGCTTGGAATGTTTGGGGTTTTGGATTTACAGCTTTGGGAC
GCTCAACCTGTACCTCAATAAACCTGATTTTAAAAAAGTTTGGGGGGATTCCCCTAAGCC
CGCCACCCGGAGACAGCGGATTTCCTTAGTTACTTACTATGCTCCTTGGCCATTTCTCTA
GGTATTGGTATATTGTGTCTGCTGTGAACTGTCCTTGGCCTGTTTGGTGACGGGTGAGGA
GCAGGGACAGAAGGGTCCTGCGTGCCCTGCCTTCACAAGCCCCTGGAAGGAAAGTTGTTT
TGGGATCTCTGCACCCTCAGCCTGGACAACTTGTGCCCATCTGGTGACCCCTCACTCAGC
CACCAGACTTCCACGACAGGCTCCAGCCTCGGCACCTTCAGCCATGGACAGTTCCGCCAG
CGTTGCCCTCTGTTCTGCTGTTTTCTCTACCAGAAGTGCCCTTCCCTCCTCACCTGACCA
CTCTGGGGAAATCCCTCAGCACCCTCCCTGAGCATACCCTACTCTGGCACAAGCCCACCC
TGCAAAGCCCCTGAGGCCCGCCCTGTGGCGTCTCTCCCTCCCTTGCTGTCAGGACAGTGG
TCCTGGCCACCGGGGCTCACGGAGCCGCCCTGTGCCGTGTACCTCTGAGCCCTCTGCACA
GTGCCTTCTGCTTGCCTGTGGCTTTGAGAAGAAACCCCTTCTGGTTATACATAAGACAGC
CAGAGAAGGGAGTTGCCCAGGGTGGCACAGCACGTTGCTGCCAGTTACTGCCATTTTCAC
GGGCATGAAATGGAGATAACAACAGGAGCGACCGCACAGGCTGCTGAGCGCGTCACACGC
AGCCATCGCGCAGCTCAGGGATATTACGTGTAACTCGACATGTCAGCGATTGTCACAGGC
ACTGCTACTCCTGGGGTTTTCCATCAAACCCTCAAGAGCTGGGCCTGGGGTCAACTTCCG
GCCTGGGGAAACTGGGGCAAGTATCACCAGAGATGAGCTTTATAAAAATAATGGTGCTAG
CTGGGCATGGTGGCTTGCACCTGTAATCCCAGCACTTTGGGAGGCCGAGCTAGGAGGATC
GTTTGAGTCCAGCAGTTTGAGACCAGCCTGGCCAATACGGCAAAACCCAGTCTCTACAAA
AAATACAAAAAACAACTAGCCAGGCGTGGTGGTGCACACCTGTAGTCCCAGCTACTCAGG
AGGCTGAGGGGGAAGGACTGCTTGAGCCCAGGAGTTTGAGGCTGCTGTGAGCTGTGATCG
CATCACTGCATTCCAGCCCGGTGACAGAGTGAGTCACTGTCTCAAAAAAGAAAGGAAGAA
ATAAAGAAAACAAATAAAAATAATAGTGCAGACAAAAGGCCTTGACCCATCTAGCTTTGG
CCCTCAGCATCAACCGCTAGATACGTCCCTCCCTTTCTTCTGGGGCACAGGTCACACTCT
CTTCCAGGTCTAGGATGCAGCTGAGGGGTGCCCCTCTTACCATCTAATCTGTGCCCTTAT
TTCCTCTGCTTTAGTGAGGAAGAGGCCCCTGGTCCATGAAGGGGCCTTTCAGAGACGGGG
ACCCCTGAGGAGCCCCGAGCAGCAGCCGTCGTGTCTCACCCAGGGTGTCTGAAACAGATG
TGGAGGTCTCGGGTGAGGCGTGGCTCAGATACAGGGAGTGGCCCACAGCTCGGCCTGTCT
TTGAAAGGCCACGTGACCTGGCCCACGGCTGGCAGGTGGGACCCAGCTGCAGGGGTCCAG
CAGCACCCACAGCAGCCACCTGTGGCAGGGAGGAGCTTGTGGTACAGTGGACAGGCCCTG
CCCAGATGGCCCCCCGCCTGCCTGTGGAAGTTGACCAGACCATCTGTCACAGCAGGTAAG
ACTCTGCTTTCTGGGCAACCCAGCAGGTGACCCTGGAATTCCTGTCCATCTGGCAGGTGG
GCATTGAAACTGGTTTAAAAATGTCACACCATAGGCCGGGCACAGTGGCTCACGCCTGTA
ATCCCAGCCCTTTGGGAGGCCAGGGTGGGTGGATCACTTGAGGTCAGGAGTTCAAGACCA
GCCTGGCCAACATGGTGAAACCCCGTCTACTAAAAATACAAAAATTAGCCTGGCGTGGTG
GCGCATGCCTGTAATCCCAGCTACTTGGGAAGCTGAGGGATGAGAACTGCTTGAACCTGG
GAGGCAGACGTTGCAGTGAGCTGAGATCACGCCACTGCACTCCAGCCTGGGCAACAGAGT
AAGACTCTGTCTCAAAAAAAAAAAAATCACACCATTTTGGCTTCAGATTGCATATCCTCC
TGCAAGGATATATACGCGTGAAATTCAAGTCAATGACAAATCAGAAGAAAAAACATATAT
ATACGCAAACCAGTATCCTACTGTGTGTGTCGTTTGTTGTGTTTTCGACAGCTGTCCGTG
TTATAATAATTCCTCTAGTTCAAATTTATTCATTTTTAACTTCATAGTACCACATTCTAC
ACACTGCCCATGTCCCCTCAAGCTTCCCCTGGCTCCTGCAACCACAAATCTACTCTCTGC
CTCTGTGGGTTGACCTATTCTGGACACGTCATAGAAATAGAGTCCTGCAACACGTGGCCG
TCTGTGTCTGGCTTCTCTCGCTTAGCATCTTGTTTCCAAGGTCCTCCCACAGTGTAGCAT
GCACCTGCTACACTCCTTCTTAGGGCTGATATTCCACGCACCTGCTACACTCCTTCTTAT
GGCTGATATTCCACGCACCTGCTACACTCCTTCTTAGGGCTGATATTCCACACACCCGCT
ACACTCCTTCTTAGGGCTGATATTCCACGCACCCGCTACACTCCTTCTTAGGGCTGATAT
TCCACGCACCTGCTACACTCCNNNNNNNNNNNNNNNNNNNNNNNNNNNNNNNNNNNNNNN
NNNNNNNNNNNNNNNNNNNNNNNNNNNNNNNNNNNNNNNNNNNNNNNNNNNNNNNNNNNN
