Container encodings
	RN	BYTE_ARRAY_STOP(stop=0,id=11)
	QS	EXTERNAL(id=12)
	IN	BYTE_ARRAY_STOP(stop=0,id=13)
	SC	BYTE_ARRAY_STOP(stop=0,id=14)
	BF	EXTERNAL(id=15)
	CF	HUFFMAN(codes={3},lengths={0})
	AP	EXTERNAL(id=17)
	RG	EXTERNAL(id=18)
	MQ	EXTERNAL(id=19)
	NS	EXTERNAL(id=20)
	MF	EXTERNAL(id=21)
	TS	EXTERNAL(id=22)
	NP	EXTERNAL(id=23)
	RL	EXTERNAL(id=25)
	FN	EXTERNAL(id=26)
	FC	EXTERNAL(id=27)
	FP	EXTERNAL(id=28)
	DL	HUFFMAN(codes={1},lengths={0})
	BA	HUFFMAN(codes={65},lengths={0})
	BS	EXTERNAL(id=31)
	TL	EXTERNAL(id=32)
	RI	HUFFMAN(codes={16},lengths={0})
	BB	BYTE_ARRAY_LEN(len_codec={EXTERNAL(id=42)},val_codec={EXTERNAL(id=37)}
	SMc	BYTE_ARRAY_LEN(len_codec={HUFFMAN(codes={1},lengths={0})},val_codec={EXTERNAL(id=5459299)}
	XCc	BYTE_ARRAY_LEN(len_codec={HUFFMAN(codes={1},lengths={0})},val_codec={EXTERNAL(id=5784419)}
	AMc	BYTE_ARRAY_LEN(len_codec={HUFFMAN(codes={1},lengths={0})},val_codec={EXTERNAL(id=4279651)}
	BQZ	BYTE_ARRAY_STOP(stop=9,id=4346202)
	MQc	BYTE_ARRAY_LEN(len_codec={HUFFMAN(codes={1},lengths={0})},val_codec={EXTERNAL(id=5067107)}
	X0c	BYTE_ARRAY_LEN(len_codec={HUFFMAN(codes={1},lengths={0})},val_codec={EXTERNAL(id=5779555)}
	X1c	BYTE_ARRAY_LEN(len_codec={HUFFMAN(codes={1},lengths={0})},val_codec={EXTERNAL(id=5779811)}
	XTA	BYTE_ARRAY_LEN(len_codec={HUFFMAN(codes={1},lengths={0})},val_codec={EXTERNAL(id=5788737)}

Container encodings
	RN	BYTE_ARRAY_STOP(stop=0,id=11)
	QS	EXTERNAL(id=12)
	IN	BYTE_ARRAY_STOP(stop=0,id=13)
	SC	BYTE_ARRAY_STOP(stop=0,id=14)
	BF	EXTERNAL(id=15)
	CF	HUFFMAN(codes={3},lengths={0})
	AP	EXTERNAL(id=17)
	RG	EXTERNAL(id=18)
	MQ	EXTERNAL(id=19)
	NS	HUFFMAN(codes={16},lengths={0})
	MF	EXTERNAL(id=21)
	TS	EXTERNAL(id=22)
	NP	EXTERNAL(id=23)
	RL	EXTERNAL(id=25)
	FN	EXTERNAL(id=26)
	FC	EXTERNAL(id=27)
	FP	EXTERNAL(id=28)
	DL	HUFFMAN(codes={1},lengths={0})
	BA	EXTERNAL(id=30)
	BS	EXTERNAL(id=31)
	TL	EXTERNAL(id=32)
	RI	HUFFMAN(codes={16},lengths={0})
	BB	BYTE_ARRAY_LEN(len_codec={EXTERNAL(id=42)},val_codec={EXTERNAL(id=37)}
	SMc	BYTE_ARRAY_LEN(len_codec={HUFFMAN(codes={1},lengths={0})},val_codec={EXTERNAL(id=5459299)}
	XAZ	BYTE_ARRAY_STOP(stop=9,id=5783898)
	XCc	BYTE_ARRAY_LEN(len_codec={HUFFMAN(codes={1},lengths={0})},val_codec={EXTERNAL(id=5784419)}
	cFC	BYTE_ARRAY_LEN(len_codec={HUFFMAN(codes={1},lengths={0})},val_codec={EXTERNAL(id=6506051)}
	AMc	BYTE_ARRAY_LEN(len_codec={HUFFMAN(codes={1},lengths={0})},val_codec={EXTERNAL(id=4279651)}
	BQZ	BYTE_ARRAY_STOP(stop=9,id=4346202)
	MQc	BYTE_ARRAY_LEN(len_codec={HUFFMAN(codes={1},lengths={0})},val_codec={EXTERNAL(id=5067107)}
	X0c	BYTE_ARRAY_LEN(len_codec={HUFFMAN(codes={1},lengths={0})},val_codec={EXTERNAL(id=5779555)}
	X1c	BYTE_ARRAY_LEN(len_codec={HUFFMAN(codes={1},lengths={0})},val_codec={EXTERNAL(id=5779811)}
	XTA	BYTE_ARRAY_LEN(len_codec={HUFFMAN(codes={1},lengths={0})},val_codec={EXTERNAL(id=5788737)}

#   Content_ID  Uncomp.size    Comp.size   Ratio Method  Data_series
BLOCK     CORE            0            0 100.00% .      
BLOCK       10         4580         2228  48.65% _bg     embedded_ref
BLOCK       11        10295         3112  30.23% g       RN
BLOCK       12        57572        32111  55.78% 0       QS
BLOCK       14          962          396  41.16% 0g.     SC
BLOCK       15          872          438  50.23% 0       BF
BLOCK       17          569          549  96.49% .g0     AP
BLOCK       18          569          560  98.42% .g      RG
BLOCK       19          568          166  29.23% 2       MQ
BLOCK       20          300           29   9.67% 2       NS
BLOCK       21          569          120  21.09% 2       MF
BLOCK       22         1889         1421  75.22% _b      TS
BLOCK       23         1164         1152  98.97% ._8     NP
BLOCK       25          569          110  19.33% 2       RL
BLOCK       26          568          248  43.66% 0       FN
BLOCK       27          378          118  31.22% 2       FC
BLOCK       28          378          378 100.00% .       FP
BLOCK       30          111           52  46.85% 0.      BA
BLOCK       31          320          125  39.06% 2       BS
BLOCK       32          569          184  32.34% 0       TL
BLOCK  4279651          568          182  32.04% 02      AMc
BLOCK  4346202        58600         1562   2.67% b       BQZ
BLOCK  5067107          546          156  28.57% 2       MQc
BLOCK  5459299          568          195  34.33% g20     SMc
BLOCK  5779555          549           30   5.46% 2       X0c
BLOCK  5779811          549           40   7.29% 2       X1c
BLOCK  5783898           50           43  86.00% 2       XAZ
BLOCK  5784419           33           33 100.00% .       XCc
BLOCK  5788737          568           93  16.37% 2       XTA
BLOCK  6506051            1            1 100.00% .       cFC

Number of containers                   2
Number of slices                       6
Number of sequences                  569
Number of bases                    57572
Total file size                    60965
Format overhead size               15133
